<html>
<body>
<pre>
<h1>µVision Build Log</h1>
<h2>Tool Versions:</h2>
IDE-Version: µVision V5.34.0.0
Copyright (C) 2021 ARM Ltd and ARM Germany GmbH. All rights reserved.
License Information: Vadim Tarash, evraz, LIC=NQQMA-1SHJK-WFEI7-EF70E-LR271-U1XP7
 
Tool Versions:
Toolchain:       MDK-ARM Plus  Version: 5.34.0.0
Toolchain Path:  C:\Keil_v5\ARM\ARMCC\Bin
C Compiler:      Armcc.exe V5.06 update 7 (build 960)
Assembler:       Armasm.exe V5.06 update 7 (build 960)
Linker/Locator:  ArmLink.exe V5.06 update 7 (build 960)
Library Manager: ArmAr.exe V5.06 update 7 (build 960)
Hex Converter:   FromElf.exe V5.06 update 7 (build 960)
CPU DLL:         SARMCM3.DLL V5.34.0.0
Dialog DLL:      DARMSTM.DLL V1.68.0.0
Target DLL:      UL2CM3.DLL V1.163.9.0
Dialog DLL:      TARMSTM.DLL V1.66.0.0
 
<h2>Project:</h2>
C:\Users\ra9uf\YandexDisk\Code\UsbAntRelay\UsbAntRelay\MDK-ARM\UsbRelay.uvprojx
Project File Date:  11/01/2022

<h2>Output:</h2>
*** Using Compiler 'V5.06 update 7 (build 960)', folder: 'C:\Keil_v5\ARM\ARMCC\Bin'
Build target 'UsbRelay'
assembling startup_stm32f103xb.s...
compiling usb_device.c...
compiling main.c...
compiling usbd_conf.c...
compiling stm32f1xx_it.c...
compiling usbd_cdc_if.c...
compiling usbd_desc.c...
compiling stm32f1xx_hal_gpio_ex.c...
compiling stm32f1xx_hal_msp.c...
compiling 16S2.c...
..\Src\16S2.c(100): warning:  #61-D: integer operation result is out of range
  	LCD_PORT->CRH &= ~((15<<(LCD_DB4-8)*4) | (15<<(LCD_DB5-8)*4) | (15<<(LCD_DB6-8)*4) | (15<<(LCD_DB7-8)*4));
..\Src\16S2.c(140): warning:  #61-D: integer operation result is out of range
  	LCD_PORT->CRH &= ~((15<<(LCD_DB4-8)*4) | (15<<(LCD_DB5-8)*4) | (15<<(LCD_DB6-8)*4) | (15<<(LCD_DB7-8)*4));
..\Src\16S2.c(141): warning:  #61-D: integer operation result is out of range
  	LCD_PORT->CRH |= ( (0x8 << (4*(LCD_DB4-8))) | (0x8 << (4*(LCD_DB5-8))) | (0x8 << (4*(LCD_DB6-8))) | (0x8 << (4*(LCD_DB7-8))) );
..\Src\16S2.c: 3 warnings, 0 errors
compiling stm32f1xx_hal_pcd_ex.c...
compiling stm32f1xx_hal_pcd.c...
compiling stm32f1xx_ll_usb.c...
compiling stm32f1xx_hal.c...
compiling stm32f1xx_hal_rcc_ex.c...
compiling stm32f1xx_hal_rcc.c...
compiling stm32f1xx_hal_gpio.c...
compiling stm32f1xx_hal_cortex.c...
compiling stm32f1xx_hal_dma.c...
compiling stm32f1xx_hal_pwr.c...
compiling stm32f1xx_hal_flash_ex.c...
compiling stm32f1xx_hal_flash.c...
compiling stm32f1xx_hal_exti.c...
compiling stm32f1xx_hal_tim.c...
compiling stm32f1xx_hal_tim_ex.c...
compiling system_stm32f1xx.c...
compiling usbd_core.c...
compiling usbd_ctlreq.c...
compiling usbd_ioreq.c...
compiling usbd_cdc.c...
linking...
Program Size: Code=12048 RO-data=284 RW-data=396 ZI-data=3924  
FromELF: creating hex file...
"UsbRelay\UsbRelay.axf" - 0 Error(s), 3 Warning(s).

<h2>Software Packages used:</h2>

Package Vendor: ARM
                http://www.keil.com/pack/ARM.CMSIS.5.7.0.pack
                ARM.CMSIS.5.7.0
                CMSIS (Cortex Microcontroller Software Interface Standard)
   * Component: CORE Version: 5.4.0

Package Vendor: Keil
                http://www.keil.com/pack/Keil.STM32F1xx_DFP.2.3.0.pack
                Keil.STM32F1xx_DFP.2.3.0
                STMicroelectronics STM32F1 Series Device Support, Drivers and Examples

<h2>Collection of Component include folders:</h2>
  .\RTE\_UsbRelay
  C:\Keil_v5\ARM\PACK\ARM\CMSIS\5.7.0\CMSIS\Core\Include
  C:\Keil_v5\ARM\PACK\Keil\STM32F1xx_DFP\2.3.0\Device\Include

<h2>Collection of Component Files used:</h2>

   * Component: ARM::CMSIS:CORE:5.4.0
Build Time Elapsed:  00:00:54
</pre>
</body>
</html>
